// Vitest Snapshot v1

exports[`AdminAppTokenCard.vue > match snapshot 1`] = `
"<div class=\\"v-card v-card--flat v-sheet theme--light\\">
  <div class=\\"v-card__title\\">Admin App</div>
  <div class=\\"v-card__actions\\"><button type=\\"button\\" class=\\"v-btn v-btn--block v-btn--outlined theme--light v-size--default\\"><span class=\\"v-btn__content\\"><i aria-hidden=\\"true\\" class=\\"v-icon notranslate v-icon--left mdi mdi-github theme--light\\"></i>Store Admin App Token </span></button></div>
</div>"
`;

exports[`AdminAppTokenCard.vue > match snapshot loading 1`] = `
"<div class=\\"v-card v-card--flat v-sheet theme--light\\">
  <div class=\\"v-card__title\\">Admin App</div>
  <div class=\\"v-card__actions\\"><button type=\\"button\\" class=\\"v-btn v-btn--block v-btn--outlined theme--light v-size--default\\"><span class=\\"v-btn__content\\"><i aria-hidden=\\"true\\" class=\\"v-icon notranslate v-icon--left mdi mdi-github theme--light\\"></i>Store Admin App Token </span></button></div>
</div>"
`;
