// Jest Snapshot v1, https://goo.gl/fbAQLP

exports[`ProductItemCard.vue match snapshot 1`] = `
<div class="product-item-card v-card v-card--hover v-sheet v-sheet--outlined theme--light" style="max-width: 980px; position: relative;">
  <div class="container container--fluid" style="cursor: default;">
    <div class="row">
      <div class="col-md-4 col-9 order-1">
        <div class="caption grey--text">Name</div>
        <div class="font-weight-bold primary--text"><span><a href="/product/map/lat20200201" class="">lat20200201</a></span></div>
      </div>
      <div class="col-md-3 col-6 order-3">
        <div class="caption grey--text">Date produced</div>
        <div>2020-02-01</div>
      </div>
      <div class="col-md-2 col-6 order-4">
        <div class="caption grey--text">Produced by</div>
        <div>pwg-pmn</div>
      </div>
      <div class="order-md-5 col col-3 order-2 align-self-center">
        <div class="container container--fluid">
          <div class="row justify-end">
            <!---->
            <div class="pa-0 col" style="flex: 0 0px;"><button type="button" class="v-btn v-btn--flat v-btn--icon v-btn--round theme--light v-size--default"><span class="v-btn__content"><i aria-hidden="true" class="v-icon notranslate mdi mdi-dots-vertical theme--light"></i></span></button>
              <div class="v-menu">
                <!---->
              </div>
            </div>
          </div>
        </div>
      </div>
    </div>
    <transition-stub name="expand-transition">
      <div class="collapsible">
        <div class="row">
          <div class="col-md-4 offset-md-4 col-12">
            <div class="caption grey--text">Contact</div>
            <div>pwg-pmn</div>
          </div>
        </div>
        <div class="row">
          <div class="col-md-8 offset-md-4 col-12">
            <div class="caption grey--text">Paths</div>
            <ul>
              <li>nersc:/go/to/my/maps_v3</li>
            </ul>
          </div>
        </div>
        <div class="row">
          <div class="col-md-8 offset-md-4 col-12">
            <div class="caption grey--text">Relations</div>
            <div>
              <div><span class="capitalize subtitle-2 primary--text"><span></span>:
                </span> <span><a href="/product/beam/20200207" class="font-weight-bold primary--text">20200207</a>
                  (beam)<!----></span></div>
            </div>
          </div>
        </div>
        <div class="row">
          <div class="col-md-8 offset-md-4 col-12 order-1">
            <div class="caption grey--text">Note</div>
            <div class="markdown-body">
              <ul>
                <li>This is a dummy test with a lat map</li>
                <li>A beam depends on this map</li>
              </ul>
            </div>
          </div>
        </div>
        <div class="row grey--text mt-3 no-gutters align-end justify-space-between" style="font-size: 80%;">
          <div>
            <!---->
            <!---->
          </div>
          <div>Data ID: </div>
        </div>
      </div>
    </transition-stub>
  </div>
  <dev-tool-loading-state-overriding-menu-stub></dev-tool-loading-state-overriding-menu-stub>
</div>
`;
