// Jest Snapshot v1, https://goo.gl/fbAQLP

exports[`App.vue match snapshot 1`] = `
<v-app-stub id="app">
  <router-view-stub name="frame"></router-view-stub>
  <v-main-stub tag="main">
    <transition-stub name="fade-app-across" mode="out-in">
      <keep-alive-stub>
        <router-view-stub name="default"></router-view-stub>
      </keep-alive-stub>
    </transition-stub>
  </v-main-stub>
  <snackbar-stub></snackbar-stub>
</v-app-stub>
`;
