// Jest Snapshot v1, https://goo.gl/fbAQLP

exports[`App.vue match snapshot 1`] = `
<v-app-stub id="app">
  <v-navigation-drawer-stub app="true" clipped="true" height="100vh" minivariantwidth="56" mobilebreakpoint="1264" src="" tag="nav" width="256">
    <v-list-stub tag="div" tile="true" shaped="true">
      <v-list-item-stub activeclass="" link="true" to="/simulation" tag="div" router="">
        <v-list-item-action-stub>
          <v-icon-stub></v-icon-stub>
        </v-list-item-action-stub>
        <v-list-item-content-stub>
          <v-list-item-title-stub class="capitalize"></v-list-item-title-stub>
        </v-list-item-content-stub>
      </v-list-item-stub>
      <v-list-item-stub activeclass="" link="true" to="/map" tag="div" router="">
        <v-list-item-action-stub>
          <v-icon-stub></v-icon-stub>
        </v-list-item-action-stub>
        <v-list-item-content-stub>
          <v-list-item-title-stub class="capitalize"></v-list-item-title-stub>
        </v-list-item-content-stub>
      </v-list-item-stub>
      <v-list-item-stub activeclass="" link="true" to="/beam" tag="div" router="">
        <v-list-item-action-stub>
          <v-icon-stub></v-icon-stub>
        </v-list-item-action-stub>
        <v-list-item-content-stub>
          <v-list-item-title-stub class="capitalize"></v-list-item-title-stub>
        </v-list-item-content-stub>
      </v-list-item-stub>
    </v-list-stub>
  </v-navigation-drawer-stub>
  <v-app-bar-stub tag="header" tile="true" dense="true" extensionheight="48" src="" value="true" app="true" clippedleft="true">
    <v-app-bar-nav-icon-stub></v-app-bar-nav-icon-stub>
    <v-toolbar-title-stub>
      <router-link-stub to="/" style="text-decoration: none;">SO Product DB</router-link-stub>
    </v-toolbar-title-stub>
    <v-spacer-stub></v-spacer-stub>
    <v-btn-stub tag="button" activeclass="" to="/about" icon="true" type="button">
      <v-icon-stub>mdi-information</v-icon-stub>
    </v-btn-stub>
    <v-menu-stub opendelay="0" closedelay="0" contentclass="" bottom="true" left="true" openonhover="true" maxwidth="auto" nudgebottom="0" nudgeleft="0" nudgeright="0" nudgetop="0" nudgewidth="0" openonclick="true" closeonclick="true" maxheight="auto" offsety="true" origin="top left" transition="v-menu-transition">
      <v-list-stub tag="div" tile="true">
        <v-list-item-stub activeclass="" tag="div">
          <v-list-item-icon-stub>
            <v-icon-stub>mdi-invert-colors</v-icon-stub>
          </v-list-item-icon-stub>
          <v-list-item-content-stub>
            <v-list-item-title-stub>Toggle dark mode</v-list-item-title-stub>
          </v-list-item-content-stub>
        </v-list-item-stub>
        <v-list-item-stub activeclass="" href="http://localhost:5000/graphql" tag="div" target="_blank">
          <v-list-item-icon-stub>
            <v-icon-stub>mdi-graphql</v-icon-stub>
          </v-list-item-icon-stub>
          <v-list-item-content-stub>
            <v-list-item-title-stub>GraphiQL</v-list-item-title-stub>
          </v-list-item-content-stub>
        </v-list-item-stub>
      </v-list-stub>
    </v-menu-stub>
  </v-app-bar-stub>
  <v-content-stub tag="main">
    <transition-stub name="fade-app-across" mode="out-in">
      <keep-alive-stub>
        <router-view-stub></router-view-stub>
      </keep-alive-stub>
    </transition-stub>
  </v-content-stub>
</v-app-stub>
`;
