// Jest Snapshot v1, https://goo.gl/fbAQLP

exports[`App.vue match snapshot 1`] = `
<v-app-stub id="app">
  <v-navigation-drawer-stub app="true" mobilebreakpoint="1264" clipped="true" height="100vh" minivariantwidth="56" src="" tag="nav" width="256">
    <navigation-stub></navigation-stub>
  </v-navigation-drawer-stub>
  <app-bar-stub></app-bar-stub>
  <v-main-stub tag="main">
    <transition-stub name="fade-app-across" mode="out-in">
      <keep-alive-stub>
        <router-view-stub></router-view-stub>
      </keep-alive-stub>
    </transition-stub>
  </v-main-stub>
  <snackbar-stub></snackbar-stub>
</v-app-stub>
`;
