// Vitest Snapshot v1

exports[`App.vue > match snapshot 1`] = `
"<vuecomponent-stub data-v-7a7a37b1=\\"\\" id=\\"app\\">
  <router-view-stub data-v-7a7a37b1=\\"\\" name=\\"frame\\"></router-view-stub>
  <vuecomponent-stub data-v-7a7a37b1=\\"\\" tag=\\"main\\">
    <transition-stub data-v-7a7a37b1=\\"\\" name=\\"fade-app-across\\" mode=\\"out-in\\">
      <keep-alive-stub data-v-7a7a37b1=\\"\\">
        <router-view-stub data-v-7a7a37b1=\\"\\" name=\\"default\\"></router-view-stub>
      </keep-alive-stub>
    </transition-stub>
  </vuecomponent-stub>
  <snackbar-stub data-v-7a7a37b1=\\"\\"></snackbar-stub>
</vuecomponent-stub>"
`;
