// Vitest Snapshot v1

exports[`App.vue > match snapshot 1`] = `
"<div data-v-dcc4e5c8=\\"\\" class=\\"navigation\\" style=\\"position: relative;\\">
  <vuecomponent-stub data-v-dcc4e5c8=\\"\\" shaped=\\"true\\" tag=\\"div\\">
    <vuecomponent-stub data-v-dcc4e5c8=\\"\\" activeclass=\\"\\" link=\\"true\\" to=\\"[object Object]\\" tag=\\"div\\" router=\\"\\">
      <vuecomponent-stub data-v-dcc4e5c8=\\"\\">
        <vuecomponent-stub data-v-dcc4e5c8=\\"\\">mdi-scatter-plot-outline</vuecomponent-stub>
      </vuecomponent-stub>
      <vuecomponent-stub data-v-dcc4e5c8=\\"\\" tag=\\"div\\">
        <vuecomponent-stub data-v-dcc4e5c8=\\"\\" tag=\\"div\\" class=\\"capitalize condensed-font\\">versions</vuecomponent-stub>
      </vuecomponent-stub>
    </vuecomponent-stub>
    <vuecomponent-stub data-v-dcc4e5c8=\\"\\" activeclass=\\"\\" link=\\"true\\" to=\\"[object Object]\\" tag=\\"div\\" router=\\"\\">
      <vuecomponent-stub data-v-dcc4e5c8=\\"\\">
        <vuecomponent-stub data-v-dcc4e5c8=\\"\\">mdi-exclamation-thick</vuecomponent-stub>
      </vuecomponent-stub>
      <vuecomponent-stub data-v-dcc4e5c8=\\"\\" tag=\\"div\\">
        <vuecomponent-stub data-v-dcc4e5c8=\\"\\" tag=\\"div\\" class=\\"capitalize condensed-font\\">log</vuecomponent-stub>
      </vuecomponent-stub>
    </vuecomponent-stub>
    <vuecomponent-stub data-v-dcc4e5c8=\\"\\" activeclass=\\"\\" link=\\"true\\" to=\\"[object Object]\\" tag=\\"div\\" router=\\"\\">
      <vuecomponent-stub data-v-dcc4e5c8=\\"\\">
        <vuecomponent-stub data-v-dcc4e5c8=\\"\\">mdi-cog</vuecomponent-stub>
      </vuecomponent-stub>
      <vuecomponent-stub data-v-dcc4e5c8=\\"\\" tag=\\"div\\">
        <vuecomponent-stub data-v-dcc4e5c8=\\"\\" tag=\\"div\\" class=\\"capitalize condensed-font\\">config</vuecomponent-stub>
      </vuecomponent-stub>
    </vuecomponent-stub>
    <vuecomponent-stub data-v-dcc4e5c8=\\"\\" activeclass=\\"\\" link=\\"true\\" to=\\"[object Object]\\" tag=\\"div\\" router=\\"\\">
      <vuecomponent-stub data-v-dcc4e5c8=\\"\\">
        <vuecomponent-stub data-v-dcc4e5c8=\\"\\">mdi-format-color-fill</vuecomponent-stub>
      </vuecomponent-stub>
      <vuecomponent-stub data-v-dcc4e5c8=\\"\\" tag=\\"div\\">
        <vuecomponent-stub data-v-dcc4e5c8=\\"\\" tag=\\"div\\" class=\\"capitalize condensed-font\\">theme</vuecomponent-stub>
      </vuecomponent-stub>
    </vuecomponent-stub>
    <vuecomponent-stub data-v-dcc4e5c8=\\"\\" activeclass=\\"\\" link=\\"true\\" to=\\"[object Object]\\" tag=\\"div\\" router=\\"\\">
      <vuecomponent-stub data-v-dcc4e5c8=\\"\\">
        <vuecomponent-stub data-v-dcc4e5c8=\\"\\">mdi-account-multiple</vuecomponent-stub>
      </vuecomponent-stub>
      <vuecomponent-stub data-v-dcc4e5c8=\\"\\" tag=\\"div\\">
        <vuecomponent-stub data-v-dcc4e5c8=\\"\\" tag=\\"div\\" class=\\"capitalize condensed-font\\">users</vuecomponent-stub>
      </vuecomponent-stub>
    </vuecomponent-stub>
    <vuecomponent-stub data-v-dcc4e5c8=\\"\\" activeclass=\\"\\" link=\\"true\\" to=\\"[object Object]\\" tag=\\"div\\" router=\\"\\">
      <vuecomponent-stub data-v-dcc4e5c8=\\"\\">
        <vuecomponent-stub data-v-dcc4e5c8=\\"\\">mdi-shape</vuecomponent-stub>
      </vuecomponent-stub>
      <vuecomponent-stub data-v-dcc4e5c8=\\"\\" tag=\\"div\\">
        <vuecomponent-stub data-v-dcc4e5c8=\\"\\" tag=\\"div\\" class=\\"capitalize condensed-font\\">product types</vuecomponent-stub>
      </vuecomponent-stub>
    </vuecomponent-stub>
  </vuecomponent-stub>
</div>"
`;
