// Jest Snapshot v1, https://goo.gl/fbAQLP

exports[`App.vue match snapshot 1`] = `
<div class="navigation" style="position: relative;">
  <v-list-stub shaped="true" tag="div">
    <v-list-item-stub activeclass="" link="true" to="[object Object]" tag="div" router="">
      <v-list-item-action-stub>
        <v-icon-stub>mdi-cog</v-icon-stub>
      </v-list-item-action-stub>
      <v-list-item-content-stub>
        <v-list-item-title-stub class="capitalize">Settings</v-list-item-title-stub>
      </v-list-item-content-stub>
    </v-list-item-stub>
  </v-list-stub>
</div>
`;
