// Vitest Snapshot v1

exports[`ProductItem.vue > match snapshot 1`] = `
"<vuecomponent-stub tag=\\"div\\" class=\\"product-item\\" style=\\"position: relative;\\">
  <vuecomponent-stub tag=\\"div\\">
    <vuecomponent-stub tag=\\"div\\" class=\\"pb-0\\">
      <vuecomponent-stub tag=\\"div\\" class=\\"align-end\\" style=\\"height: 56px;\\">
        <vuecomponent-stub opendelay=\\"800\\" closedelay=\\"0\\" bottom=\\"true\\" openonclick=\\"true\\" openonhover=\\"true\\" openonfocus=\\"true\\" contentclass=\\"\\" maxwidth=\\"auto\\" nudgebottom=\\"0\\" nudgeleft=\\"0\\" nudgeright=\\"0\\" nudgetop=\\"0\\" nudgewidth=\\"0\\" tag=\\"span\\"><span>Back to the list</span></vuecomponent-stub>
        <vuecomponent-stub opendelay=\\"800\\" closedelay=\\"0\\" bottom=\\"true\\" openonclick=\\"true\\" openonhover=\\"true\\" openonfocus=\\"true\\" contentclass=\\"\\" maxwidth=\\"auto\\" nudgebottom=\\"0\\" nudgeleft=\\"0\\" nudgeright=\\"0\\" nudgetop=\\"0\\" nudgewidth=\\"0\\" tag=\\"span\\"><span>Refresh</span></vuecomponent-stub>
        <vuecomponent-stub tag=\\"div\\"></vuecomponent-stub>
      </vuecomponent-stub>
    </vuecomponent-stub>
  </vuecomponent-stub>
  <vuecomponent-stub tag=\\"div\\">
    <vuecomponent-stub tag=\\"div\\" class=\\"pt-0\\">
      <productitemcard-stub productid=\\"1013\\"></productitemcard-stub>
    </vuecomponent-stub>
    <!---->
  </vuecomponent-stub>
  <devtoolloadingstatemenu-stub top=\\"-10px\\" right=\\"-10px\\"></devtoolloadingstatemenu-stub>
</vuecomponent-stub>"
`;
