// Jest Snapshot v1, https://goo.gl/fbAQLP

exports[`MapItemCard.vue match snapshot 1`] = `
<div class="mapitemcard" mapname="lat20200201">
  <div class="v-card v-card--hover v-card--outlined v-sheet theme--light" style="max-width: 980px;"><a href="/maps/item/lat20190213" class="">lat20190213</a> <a href="/maps/item/lat20200120" class="">lat20200120</a>
    <div class="" style="cursor: default;">
      <div class="container pa-0 container--fluid">
        <div class="row ma-0 px-0">
          <div class="py-0 col-md-4 col-10 order-1">
            <div class="caption grey--text">Name</div>
            <div class="font-weight-medium primary--text"><span><a href="/maps/item/lat20200201" class="">lat20200201</a></span></div>
          </div>
          <div class="py-0 col-md-4 col-6 order-3">
            <div class="caption grey--text">Date posted</div>
            <div>2020-02-01</div>
          </div>
          <div class="py-0 col-md-2 col-6 order-4">
            <div class="caption grey--text">Mapper</div>
            <div>pwg-pmn</div>
          </div>
          <div class="py-0 order-md-5 col col-2 order-2 align-self-end">
            <div class="row px-1 py-0 align-start justify-end">
              <!----> <span><button type="button" class="v-btn v-btn--flat v-btn--icon v-btn--round theme--light v-size--default"><span class="v-btn__content"><i aria-hidden="true" class="v-icon notranslate mdi mdi-dots-vertical theme--light"></i></span></button>
              <div class="v-menu">
                <!---->
              </div>
              </span></div>
          </div>
        </div>
        <div class="row mx-0 mb-3 px-0 collapsible">
          <div class="py-0 col-md-8 offset-md-4 col-12">
            <div class="caption grey--text">Paths</div>
            <ul>
              <li>nersc:/go/to/my/maps_v3</li>
            </ul>
          </div>
          <div class="py-0 col-md-8 offset-md-4 col-12">
            <div class="caption grey--text">Note</div>
            <div>
              <ul>
                <li>This is a dummy test with a lat map </li>
                <li>A beam depends on this map</li>
              </ul>
            </div>
          </div>
          <div class="py-0 col col-12">
            <div class="row">
              <div class="py-0 col-md-4 order-md-0 col-12 order-2 align-self-end"><span class="grey--text" style="font-size: 65%;">Data ID: </span></div>
              <div class="py-0 col-md-8 col-12 order-1">
                <div class="caption grey--text">Beams</div>
                <ul>
                  <li><a href="/beams/item/20200207" class="">20200207</a></li>
                </ul>
              </div>
            </div>
          </div>
        </div>
      </div>
    </div>
  </div>
</div>
`;
