// Jest Snapshot v1, https://goo.gl/fbAQLP

exports[`MapItemCard.vue match snapshot 1`] = `
<div class="mapitemcard">
  <div class="v-card v-card--hover v-card--outlined v-sheet theme--light" style="max-width: 980px;">
    <div style="cursor: default;">
      <div class="container pa-0 container--fluid">
        <div class="row ma-0 px-0">
          <div class="pa-2 col-md-4 col-12">
            <div class="caption grey--text">Name</div>
            <div class="font-weight-medium primary--text"><span><a href="/maps/item/lat20200201" class="">lat20200201</a></span></div>
          </div>
          <div class="pa-2 col-md-4 col-6">
            <div class="caption grey--text">Date posted</div>
            <div>2020-02-01</div>
          </div>
          <div class="pa-2 col-md-3 col-5">
            <div class="caption grey--text">Mapper</div>
            <div>pwg-pmn</div>
          </div>
          <div class="pa-2 col-md-1 col-1 align-self-end">
            <!---->
          </div>
        </div>
        <div class="row mx-0 mb-3 px-0 collapsible">
          <div class="pa-2 col-md-8 offset-md-4 col-12">
            <div class="caption grey--text">Paths</div>
            <ul>
              <li>nersc:/go/to/my/maps_v3</li>
            </ul>
          </div>
          <div class="pa-2 col-md-8 offset-md-4 col-12">
            <div class="caption grey--text">Note</div>
            <div>
              <ul>
                <li>This is a dummy test with a lat map </li>
                <li>A beam depends on this map</li>
              </ul>
            </div>
          </div>
          <div class="pa-2 col-md-8 offset-md-4 col-12">
            <div class="caption grey--text">Beams</div>
            <ul>
              <li><a href="/beams/item/20200207" class="">20200207</a></li>
            </ul>
          </div>
        </div>
      </div>
    </div>
  </div>
</div>
`;
