// Jest Snapshot v1, https://goo.gl/fbAQLP

exports[`App.vue match snapshot 1`] = `
<v-list-stub shaped="true" tag="div">
  <v-list-item-stub activeclass="" link="true" to="/simulation" tag="div" router="">
    <v-list-item-action-stub>
      <v-icon-stub></v-icon-stub>
    </v-list-item-action-stub>
    <v-list-item-content-stub>
      <v-list-item-title-stub class="capitalize"></v-list-item-title-stub>
    </v-list-item-content-stub>
  </v-list-item-stub>
  <v-list-item-stub activeclass="" link="true" to="/map" tag="div" router="">
    <v-list-item-action-stub>
      <v-icon-stub></v-icon-stub>
    </v-list-item-action-stub>
    <v-list-item-content-stub>
      <v-list-item-title-stub class="capitalize"></v-list-item-title-stub>
    </v-list-item-content-stub>
  </v-list-item-stub>
  <v-list-item-stub activeclass="" link="true" to="/beam" tag="div" router="">
    <v-list-item-action-stub>
      <v-icon-stub></v-icon-stub>
    </v-list-item-action-stub>
    <v-list-item-content-stub>
      <v-list-item-title-stub class="capitalize"></v-list-item-title-stub>
    </v-list-item-content-stub>
  </v-list-item-stub>
</v-list-stub>
`;
