// Vitest Snapshot v1

exports[`OAuthRedirect.vue > match snapshot 1`] = `
"<div data-v-0f2cfb32=\\"\\" class=\\"g-container\\">
  <vuecomponent-stub data-v-0f2cfb32=\\"\\" color=\\"secondary\\" indeterminate=\\"true\\" rotate=\\"0\\" size=\\"18\\" width=\\"3\\" value=\\"0\\"></vuecomponent-stub>
</div>"
`;
