// Vitest Snapshot v1

exports[`SignInError.vue > match snapshot with error 1`] = `
"<vuecomponent-stub tag=\\"div\\" fluid=\\"true\\" fill-height=\\"\\">
  <vuecomponent-stub tag=\\"div\\" align=\\"center\\" justify=\\"center\\">
    <vuecomponent-stub loaderheight=\\"4\\" tag=\\"div\\" minwidth=\\"250px\\" flat=\\"true\\">
      <vuecomponent-stub tag=\\"div\\">Sign In Unsuccessful</vuecomponent-stub>
      <!---->
      <vuecomponent-stub tag=\\"div\\">
        <vuecomponent-stub tag=\\"div\\"></vuecomponent-stub>
        <vuecomponent-stub outlined=\\"true\\" tag=\\"button\\" activeclass=\\"\\" to=\\"/\\" type=\\"button\\">Go back</vuecomponent-stub>
      </vuecomponent-stub>
    </vuecomponent-stub>
  </vuecomponent-stub>
</vuecomponent-stub>"
`;

exports[`SignInError.vue > match snapshot without error 1`] = `
"<vuecomponent-stub tag=\\"div\\" fluid=\\"true\\" fill-height=\\"\\">
  <vuecomponent-stub tag=\\"div\\" align=\\"center\\" justify=\\"center\\">
    <vuecomponent-stub loaderheight=\\"4\\" tag=\\"div\\" minwidth=\\"250px\\" flat=\\"true\\">
      <vuecomponent-stub tag=\\"div\\">Sign In Unsuccessful</vuecomponent-stub>
      <!---->
      <vuecomponent-stub tag=\\"div\\">
        <vuecomponent-stub tag=\\"div\\"></vuecomponent-stub>
        <vuecomponent-stub outlined=\\"true\\" tag=\\"button\\" activeclass=\\"\\" to=\\"/\\" type=\\"button\\">Go back</vuecomponent-stub>
      </vuecomponent-stub>
    </vuecomponent-stub>
  </vuecomponent-stub>
</vuecomponent-stub>"
`;
