// Jest Snapshot v1, https://goo.gl/fbAQLP

exports[`SignInError.vue match snapshot with error 1`] = `
<v-container-stub tag="div" fluid="true" fill-height="">
  <v-row-stub tag="div" align="center" justify="center">
    <v-card-stub loaderheight="4" tag="div" minwidth="250px" flat="true">
      <v-card-title-stub tag="div">Sign In Unsuccessful</v-card-title-stub>
      <!---->
      <v-card-actions-stub tag="div">
        <v-spacer-stub tag="div"></v-spacer-stub>
        <v-btn-stub outlined="true" tag="button" activeclass="" to="/" type="button">Go back</v-btn-stub>
      </v-card-actions-stub>
    </v-card-stub>
  </v-row-stub>
</v-container-stub>
`;

exports[`SignInError.vue match snapshot without error 1`] = `
<v-container-stub tag="div" fluid="true" fill-height="">
  <v-row-stub tag="div" align="center" justify="center">
    <v-card-stub loaderheight="4" tag="div" minwidth="250px" flat="true">
      <v-card-title-stub tag="div">Sign In Unsuccessful</v-card-title-stub>
      <!---->
      <v-card-actions-stub tag="div">
        <v-spacer-stub tag="div"></v-spacer-stub>
        <v-btn-stub outlined="true" tag="button" activeclass="" to="/" type="button">Go back</v-btn-stub>
      </v-card-actions-stub>
    </v-card-stub>
  </v-row-stub>
</v-container-stub>
`;
