// Jest Snapshot v1, https://goo.gl/fbAQLP

exports[`ProductItem.vue match snapshot 1`] = `
<v-container-stub tag="div" class="product-item" style="position: relative;">
  <v-row-stub tag="div">
    <v-col-stub tag="div" class="pb-0">
      <v-card-actions-stub tag="div" class="align-end" style="height: 56px;">
        <v-tooltip-stub opendelay="800" closedelay="0" bottom="true" openonclick="true" openonhover="true" openonfocus="true" contentclass="" maxwidth="auto" nudgebottom="0" nudgeleft="0" nudgeright="0" nudgetop="0" nudgewidth="0" tag="span"> <span>Back to the list</span></v-tooltip-stub>
        <v-tooltip-stub opendelay="800" closedelay="0" bottom="true" openonclick="true" openonhover="true" openonfocus="true" contentclass="" maxwidth="auto" nudgebottom="0" nudgeleft="0" nudgeright="0" nudgetop="0" nudgewidth="0" tag="span"> <span>Refresh</span></v-tooltip-stub>
        <v-spacer-stub tag="div"></v-spacer-stub>
      </v-card-actions-stub>
    </v-col-stub>
  </v-row-stub>
  <v-row-stub tag="div">
    <v-col-stub tag="div" class="pt-0">
      <productitemcard-stub productid="1013"></productitemcard-stub>
    </v-col-stub>
    <!---->
  </v-row-stub>
  <dev-tool-loading-state-menu-stub top="-10px"></dev-tool-loading-state-menu-stub>
</v-container-stub>
`;
