// Jest Snapshot v1, https://goo.gl/fbAQLP

exports[`ProductList.vue match snapshot 1`] = `
<v-container-stub tag="div" class="product-list" style="position: relative;">
  <v-row-stub tag="div">
    <v-col-stub tag="div" class="pb-0">
      <v-card-actions-stub class="align-end" style="height: 56px;">
        <v-tooltip-stub opendelay="800" closedelay="0" bottom="true" openonhover="true" contentclass="" maxwidth="auto" nudgebottom="0" nudgeleft="0" nudgeright="0" nudgetop="0" nudgewidth="0" tag="span"> <span>Refresh</span></v-tooltip-stub>
        <v-spacer-stub></v-spacer-stub> <span class="secondary--text"><span>3 maps</span></span>
        <v-spacer-stub></v-spacer-stub> <span><v-tooltip-stub opendelay="800" closedelay="0" bottom="true" openonhover="true" contentclass="" maxwidth="auto" nudgebottom="0" nudgeleft="0" nudgeright="0" nudgetop="0" nudgewidth="0" tag="span"> <span>Sort</span></v-tooltip-stub></span>
        <v-spacer-stub></v-spacer-stub> <span><v-tooltip-stub opendelay="800" closedelay="0" bottom="true" openonhover="true" contentclass="" maxwidth="auto" nudgebottom="0" nudgeleft="0" nudgeright="0" nudgetop="0" nudgewidth="0" tag="span"> <span>
              Expand all
            </span></v-tooltip-stub></span> <span><v-btn-stub tag="button" activeclass="" to="[object Object]" fab="true" type="button" class="ml-3 secondary"><v-icon-stub class="on-secondary--text">mdi-plus-thick</v-icon-stub></v-btn-stub></span>
      </v-card-actions-stub>
    </v-col-stub>
  </v-row-stub>
  <v-row-stub tag="div">
    <!---->
    <v-col-stub tag="div" class="pt-0 pb-16">
      <productitemcard-stub productid="1013" collapsed="true" collapsible="true" class="my-1"></productitemcard-stub>
      <productitemcard-stub productid="1012" collapsed="true" collapsible="true" class="my-1"></productitemcard-stub>
      <productitemcard-stub productid="1001" collapsed="true" collapsible="true" class="my-1"></productitemcard-stub>
      <!---->
      <!---->
    </v-col-stub>
  </v-row-stub>
  <dev-tool-loading-state-overriding-menu-stub></dev-tool-loading-state-overriding-menu-stub>
</v-container-stub>
`;
