// Jest Snapshot v1, https://goo.gl/fbAQLP

exports[`ProductTop.vue match snapshot item 1`] = `
<v-container-stub tag="div" class="product-top" style="position: relative;">
  <v-row-stub tag="div">
    <v-col-stub tag="div">
      <!---->
      <v-card-stub loaderheight="4" tag="div" flat="true">
        <v-card-title-stub class="text-h4 primary--text justify-space-between"><span><v-icon-stub large="" class="me-3">mdi-map</v-icon-stub> <router-link-stub to="[object Object]" tag="a" ariacurrentvalue="page" event="click" class="capitalize" style="text-decoration: none;">maps</router-link-stub> <!----></span> <span><v-tooltip-stub opendelay="800" closedelay="0" left="true" openonhover="true" contentclass="" maxwidth="auto" nudgebottom="0" nudgeleft="0" nudgeright="0" nudgetop="0" nudgewidth="0" tag="span"> <span>
                Settings:
                <span class="capitalize font-italic">
                  maps
                </span></span></v-tooltip-stub></span></v-card-title-stub>
        <transition-stub name="fade-product-top-leave" mode="out-in">
          <keep-alive-stub>
            <router-view-stub name="default" producttypeid="1"></router-view-stub>
          </keep-alive-stub>
        </transition-stub>
      </v-card-stub>
    </v-col-stub>
  </v-row-stub>
  <dev-tool-loading-state-overriding-menu-stub></dev-tool-loading-state-overriding-menu-stub>
</v-container-stub>
`;

exports[`ProductTop.vue match snapshot list 1`] = `
<v-container-stub tag="div" class="product-top" style="position: relative;">
  <v-row-stub tag="div">
    <v-col-stub tag="div">
      <!---->
      <v-card-stub loaderheight="4" tag="div" flat="true">
        <v-card-title-stub class="text-h4 primary--text justify-space-between"><span><v-icon-stub large="" class="me-3">mdi-map</v-icon-stub> <router-link-stub to="[object Object]" tag="a" ariacurrentvalue="page" event="click" class="capitalize" style="text-decoration: none;">maps</router-link-stub> <!----></span> <span><v-tooltip-stub opendelay="800" closedelay="0" left="true" openonhover="true" contentclass="" maxwidth="auto" nudgebottom="0" nudgeleft="0" nudgeright="0" nudgetop="0" nudgewidth="0" tag="span"> <span>
                Settings:
                <span class="capitalize font-italic">
                  maps
                </span></span></v-tooltip-stub></span></v-card-title-stub>
        <transition-stub name="fade-product-top-leave" mode="out-in">
          <keep-alive-stub>
            <router-view-stub name="default" producttypeid="1"></router-view-stub>
          </keep-alive-stub>
        </transition-stub>
      </v-card-stub>
    </v-col-stub>
  </v-row-stub>
  <dev-tool-loading-state-overriding-menu-stub></dev-tool-loading-state-overriding-menu-stub>
</v-container-stub>
`;
