// Jest Snapshot v1, https://goo.gl/fbAQLP

exports[`Beams.vue match snapshot 1`] = `
<div class="maps">
  <div class="container container--fluid">
    <h2>Beams</h2>
    <div class="d-flex justify-end ma-2" style="max-width: 980px;"><button type="button" class="v-btn v-btn--flat v-btn--icon v-btn--round theme--light v-size--default"><span class="v-btn__content"><i aria-hidden="true" class="v-icon notranslate mdi mdi-unfold-more-horizontal theme--light"></i></span></button><span class="v-tooltip v-tooltip--bottom"><!----></span></div>
    <div>
      <div>
        <beamitemcard-stub beamname="20200207" collapsed="true" collapsible="true"></beamitemcard-stub>
        <beamitemcard-stub beamname="20200123" collapsed="true" collapsible="true"></beamitemcard-stub>
        <beamitemcard-stub beamname="20190607" collapsed="true" collapsible="true"></beamitemcard-stub>
        <beamitemcard-stub beamname="20190304" collapsed="true" collapsible="true"></beamitemcard-stub>
        <beamitemcard-stub beamname="20180101" collapsed="true" collapsible="true"></beamitemcard-stub>
      </div>
    </div>
  </div>
</div>
`;
