// Jest Snapshot v1, https://goo.gl/fbAQLP

exports[`Maps.vue match snapshot 1`] = `
<div class="maps">
  <div class="container container--fluid">
    <div class="row display-1 mx-1 mt-3 primary--text" style="max-width: 980px;">
      <div col="8" class="pa-0 ma-0 col"><span class="me-2"><i aria-hidden="true" class="v-icon notranslate material-icons theme--light">map</i></span>Maps
      </div>
    </div>
    <maplist-stub></maplist-stub>
  </div>
</div>
`;
