// Jest Snapshot v1, https://goo.gl/fbAQLP

exports[`ProductTop.vue match snapshot item 1`] = `
<div class="product-top" style="position: relative;">
  <v-container-stub tag="div" fluid="true">
    <!---->
    <v-row-stub tag="div" class="mx-1 mt-3">
      <v-col-stub tag="div" col="8" class="display-1 primary--text pa-0 ma-0"><span class="me-2"><v-icon-stub>mdi-map</v-icon-stub></span>
        <router-link-stub to="/map" class="capitalize" style="text-decoration: none;">maps</router-link-stub>
        <!---->
      </v-col-stub>
    </v-row-stub>
    <transition-stub name="fade-product-top-leave" mode="out-in">
      <keep-alive-stub>
        <router-view-stub producttypeid="1"></router-view-stub>
      </keep-alive-stub>
    </transition-stub>
  </v-container-stub>
  <devtoolloadingstateoverridingmenu-stub></devtoolloadingstateoverridingmenu-stub>
</div>
`;

exports[`ProductTop.vue match snapshot list 1`] = `
<div class="product-top" style="position: relative;">
  <v-container-stub tag="div" fluid="true">
    <!---->
    <v-row-stub tag="div" class="mx-1 mt-3">
      <v-col-stub tag="div" col="8" class="display-1 primary--text pa-0 ma-0"><span class="me-2"><v-icon-stub>mdi-map</v-icon-stub></span>
        <router-link-stub to="/map" class="capitalize" style="text-decoration: none;">maps</router-link-stub>
        <!---->
      </v-col-stub>
    </v-row-stub>
    <transition-stub name="fade-product-top-leave" mode="out-in">
      <keep-alive-stub>
        <router-view-stub producttypeid="1"></router-view-stub>
      </keep-alive-stub>
    </transition-stub>
  </v-container-stub>
  <devtoolloadingstateoverridingmenu-stub></devtoolloadingstateoverridingmenu-stub>
</div>
`;
